// Jest Snapshot v1, https://goo.gl/fbAQLP

exports[`Input Renderizou corretamente 1`] = `
<input
  className=""
  placeholder="Nome"
/>
`;
