// Jest Snapshot v1, https://goo.gl/fbAQLP

exports[`Button Renderizou corretamente 1`] = `
<button
  className=""
>
   Teste 
</button>
`;
